
============================================================================
 A14 P5-B MASTER/SLAVE COMBINED QUALIFICATION
============================================================================
MASTER_SERIAL=COM14
SLAVE_SERIAL=COM4
TARGET=192.168.0.159:502
TCP_TARGET_REQ_S=1000
DURATION_S=120
RTU_TARGET_HZ=50
RTU_SLAVE_ID=2
RTU_BAUD=115200
RTU_CONFIG=8N1
SYNC_RESET=MASTER_THEN_SLAVE_BEFORE_MEASUREMENT

=== SLAVE INITIAL PREFLIGHT ===
========================================
A14 P5 RTU SLAVE SNAPSHOT
========================================
SLAVE_READY=YES
RTU_READY=YES
RTU_ROLE=SLAVE
RTU_SLAVE_ID=2
RTU_BAUD=115200
RTU_BAUD_EFFECTIVE=115201
RTU_CLOCK_PROFILE=APB_FORCED
RTU_RX_FIFO_FULL=120
RTU_RX_MODE=BYTE
RTU_CRC_MODE=BITWISE
RTU_CRC_SELFTEST=PASS
RTU_SERVER_FRAMING=GAP
RTU_MOTOR=ASYNC
RTU_FRAME_GAP_MS=5
RTU_FRAME_GAP_US=5000
RTU_TX_MODE=QUEUED
RTU_TX_QUEUED_REQUESTED=YES
RTU_TX_QUEUED_ACTIVE=YES
RS485_AUTO_DIRECTION=YES
RS485_TX_BUFFER_BYTES=512
RS485_QUEUED_TX_SUPPORTED=YES
RTU_RX_FRAMES=488
RTU_TX_FRAMES=488
RTU_REQUESTS_OK=488
RTU_CRC_ERRORS=0
RTU_EXCEPTIONS_SENT=0
RTU_MASTER_TIMEOUTS=0
RTU_RX_BYTES=7808
RTU_TX_BYTES=4392
RTU_SERVER_DISCARDED_TAILS=0
RTU_SERVER_DISCARDED_BYTES=0
RTU_SERVER_DISCARDED_LAST_LENGTH=0
RTU_SERVER_DISCARDED_LAST_AGE_US=0
RTU_SERVER_DISCARDED_MAX_AGE_US=0
RTU_SERVER_DISCARDED_LEN1=0
RTU_SERVER_DISCARDED_LEN2=0
RTU_SERVER_DISCARDED_LEN3=0
RTU_SERVER_DISCARDED_LEN4=0
RTU_SERVER_DISCARDED_LEN5=0
RTU_SERVER_DISCARDED_LEN6=0
RTU_SERVER_DISCARDED_LEN7=0
RTU_SERVER_DISCARDED_LEN8=0
RTU_SERVER_DISCARDED_LEN_GT8=0
RTU_LAST_ERROR=OK
SLAVE_HR0=238
SLAVE_HR1=21930
DISPLAY_READY=YES
DISPLAY_RENDER_MODE=HMI_ON_DEMAND_DIRTY
DISPLAY_REFRESH_MODE=USER_REFRESH_ON_DEMAND
DISPLAY_SERVICE_CYCLES=231
DISPLAY_SERVICE_GAP_MAX_MS=104
A14_P5_SLAVE_SNAPSHOT=END
P5B_SLAVE_INITIAL_READY=YES

============================================================================
 A14.3 PERF-S2 FULL_RUNTIME_REALISTIC @ 1000 req/s QUALIFICATION
============================================================================
TARGET=192.168.0.159:502
SERIAL=COM14
REQUESTED_REQ_S=1000
DURATION_S=120
FC03_QUANTITY_REGISTERS=125
STABLE_THRESHOLD_PCT=95.0
TCP_ONLY_REFERENCE_REQ_S=1000
TCP_ONLY_REFERENCE_TOTAL_MBPS=2.1680
TCP_ONLY_REFERENCE_USEFUL_MBPS=2.0000

INITIAL_FULL_RUNTIME_READY=PASS
FULL_RUNTIME_READY=YES
DISPLAY_READY=YES
DISPLAY_FRAMES=30
DISPLAY_GAP_MAX_MS=100
FRAM_READY=YES
FRAM_CYCLES=12
FRAM_FAILS=0
FRAM_MAX_US=899
SD_READY=YES
SD_WORKLOAD_MODE=BUFFERED_DATALOG
SD_DATALOG_ACTIVE=YES
SD_DATALOG_BUFFER_BYTES=4096
SD_DATALOG_PENDING_BYTES=96
SD_DATALOG_COMMIT_THRESHOLD_BYTES=512
SD_DATALOG_COMMIT_TIMEOUT_MS=5000
SD_DATALOG_ACCEPTED_BYTES=96
SD_DATALOG_COMMITTED_BYTES=0
SD_DATALOG_FAILED_COMMITS=0
SD_APPEND_CYCLES=3
SD_APPEND_FAILS=0
SD_APPEND_MAX_US=59
SD_VERIFY_CYCLES=0
SD_VERIFY_FAILS=0
SD_VERIFY_MAX_US=0
RTC_PRESENT=YES
RTC_SAMPLES=12
RTC_UNAVAILABLE=0
RTC_STALE=0
RTC_MAX_AGE_MS=955
RTC_CURRENT_AGE_MS=704
IO_INITIALIZED=YES
IO_SAMPLES=150
IO_STALE=0
IO_MAX_AGE_MS=36
IO_CURRENT_AGE_MS=8
BUTTONS_READY=YES
BUTTON_SAMPLES=150
BUTTON_NOT_READY=0
BUTTON_SAMPLE_GAP_MAX_MS=23
SPI_PROBE_SAMPLES=30
SPI_PROBE_FAILS=0
SPI_PROBE_MAX_WAIT_US=17625
SPI_PROBE_OVER_1MS=1
SPI_PROBE_OVER_10MS=1
PERIPHERAL_FAILURE_COUNT=0

=== RUN 120S FC03/125 @ 1000 req/s ===
TCP_CONNECT_ATTEMPT=1
TCP_CONNECT_ATTEMPT_1=PASS
P5B_SYNC_RESET=PASS COUNT=1
P5B_SYNC_RESET_LIFECYCLE=X_WAIT100MS_R_SLAVE_R_G
P5B_FINAL_RTU_QUIESCENCE=PASS

FORMAL_RESULT RATE=1000 ACHIEVED=1000.0 ACHIEVED_PCT=100.00 TOTAL_MBPS=2.168 USEFUL_MBPS=2.000 P95_US=1270.8 P99_US=3666.0 MAX_US=22676.2 LOOP_AVG_US=641 LOOP_MAX_US=9498 RESULT=STABLE_PASS
  OK=120000/120000 SENT=120000 CONNECT_ATTEMPTS=1 TIMEOUTS=0 TRANSPORT_ERRORS=0 PROTOCOL_ERRORS=0 BUS_LOCK_TIMEOUTS=0 CROSS_COUNT_PASS=YES
LONG_BUCKET INDEX=1 START_S=0 END_S=60 REQ_S=1000.00 OK=60000 LAT_AVG_US=906.1 P95_US=1282.1 P99_US=3720.5 MAX_US=22676.2
LONG_BUCKET INDEX=2 START_S=60 END_S=120 REQ_S=1000.00 OK=60000 LAT_AVG_US=889.4 P95_US=1259.6 P99_US=3534.9 MAX_US=15212.5

=== FINAL PERIPHERAL SNAPSHOT ===
FULL_RUNTIME_READY=YES
DISPLAY_READY=YES
DISPLAY_FRAMES=1197
DISPLAY_GAP_MAX_MS=275
FRAM_READY=YES
FRAM_CYCLES=480
FRAM_FAILS=0
FRAM_MAX_US=3408
SD_READY=YES
SD_WORKLOAD_MODE=BUFFERED_DATALOG
SD_DATALOG_ACTIVE=YES
SD_DATALOG_BUFFER_BYTES=4096
SD_DATALOG_PENDING_BYTES=64
SD_DATALOG_COMMIT_THRESHOLD_BYTES=512
SD_DATALOG_COMMIT_TIMEOUT_MS=5000
SD_DATALOG_ACCEPTED_BYTES=3840
SD_DATALOG_COMMITTED_BYTES=3776
SD_DATALOG_FAILED_COMMITS=0
SD_APPEND_CYCLES=120
SD_APPEND_FAILS=0
SD_APPEND_MAX_US=45
SD_VERIFY_CYCLES=24
SD_VERIFY_FAILS=0
SD_VERIFY_MAX_US=26
RTC_PRESENT=YES
RTC_SAMPLES=480
RTC_UNAVAILABLE=0
RTC_STALE=0
RTC_MAX_AGE_MS=963
RTC_CURRENT_AGE_MS=959
IO_INITIALIZED=YES
IO_SAMPLES=5917
IO_STALE=0
IO_MAX_AGE_MS=26
IO_CURRENT_AGE_MS=18
BUTTONS_READY=YES
BUTTON_SAMPLES=5894
BUTTON_NOT_READY=0
BUTTON_SAMPLE_GAP_MAX_MS=277
SPI_PROBE_SAMPLES=1180
SPI_PROBE_FAILS=0
SPI_PROBE_MAX_WAIT_US=55
SPI_PROBE_OVER_1MS=0
SPI_PROBE_OVER_10MS=0
PERIPHERAL_FAILURE_COUNT=0
FINAL_SNAPSHOT_FILE=C:\Users\jeykc\AppData\Local\Temp\jwplc_a14_p5b_20260930_181806\master_final.txt

============================================================================
 FULL_RUNTIME_REALISTIC 1000 req/s SUMMARY
============================================================================
REQUESTED_REQ_S=1000
ACHIEVED_REQ_S=1000.00
ACHIEVED_PCT=100.000
TOTAL_TCP_PAYLOAD_MBPS=2.1680
USEFUL_DATA_MBPS=2.0000
TOTAL_MBPS_RETENTION_VS_TCP_ONLY_PCT=100.00
USEFUL_MBPS_RETENTION_VS_TCP_ONLY_PCT=100.00
LATENCY_AVG_US=897.8
LATENCY_P95_US=1270.8
LATENCY_P99_US=3666.0
LATENCY_MAX_US=22676.2
LOOP_GAP_AVG_US=641
LOOP_GAP_MAX_US=9498
TCP_CLEAN=YES
TCP_RATE_PASS=YES
READINESS_PASS=YES
PERIPHERAL_FAILURES_PASS=YES
PERIPHERAL_ACTIVITY_PASS=YES
PERIPHERAL_FRESHNESS_PASS=YES
PERIPHERAL_PASS=YES
CSV=C:\Users\jeykc\AppData\Local\Temp\jwplc_a14_p5b_20260930_181806\tcp_result.csv

A14_3_FULL_RUNTIME_REALISTIC_1000RPS_QUALIFICATION=PASS_PHYSICAL
NEXT=FULL_RUNTIME_REALISTIC_1000RPS_LONG_RUN
P5B_TCP_FULL_RUNTIME_QUAL_RC=0
P5B_SYNC_RESET_COUNT=1
P5B_MASTER_MEASUREMENT_SNAPSHOT=CAPTURED_BEFORE_POST_SNAPSHOT_PERTURBATION

============================================================================
 MASTER FINAL RTU SNAPSHOT
============================================================================
RTU_READY=YES
RTU_ROLE=MASTER
RTU_TARGET_SLAVE_ID=2
RTU_TIMEOUT_MS=25
RTU_TRAFFIC_ENABLED=NO
RTU_TRAFFIC_DURATION_MS=120011
RTU_REQUESTS_STARTED=6001
RTU_REQUESTS_REJECTED=0
RTU_REQUESTS_COMPLETED=6001
RTU_REQUESTS_SUCCESS=6001
RTU_REQUESTS_FAILED=0
RTU_VERIFY_FAILS=0
RTU_PERIODS_SKIPPED=0
RTU_RX_FRAMES=6001
RTU_TX_FRAMES=6001
RTU_CRC_ERRORS=0
RTU_MASTER_TIMEOUTS=0
RTU_LAST_ERROR=OK
RTU_SERVICE_GAP_MAX_US=9502
DISPLAY_RENDER_MODE=HMI_ON_DEMAND_DIRTY
DISPLAY_REFRESH_MODE=USER_REFRESH_ON_DEMAND
SD_READY=YES
SD_WORKLOAD_MODE=BUFFERED_DATALOG
SD_DATALOG_ACTIVE=YES
SD_DATALOG_PENDING_BYTES=64
SD_DATALOG_COMMIT_THRESHOLD_BYTES=512
SD_DATALOG_COMMIT_TIMEOUT_MS=5000
SD_DATALOG_ACCEPTED_BYTES=3840
SD_DATALOG_COMMITTED_BYTES=3776
SD_DATALOG_FAILED_COMMITS=0
PERIPHERAL_FAILURE_COUNT=0

============================================================================
 SLAVE FINAL SNAPSHOT
============================================================================
SLAVE_READY=YES
RTU_READY=YES
RTU_ROLE=SLAVE
RTU_SLAVE_ID=2
RTU_BAUD=115200
RTU_RX_FRAMES=6001
RTU_TX_FRAMES=6001
RTU_REQUESTS_OK=6001
RTU_CRC_ERRORS=0
RTU_EXCEPTIONS_SENT=0
RTU_LAST_ERROR=OK
SLAVE_HR0=1517
SLAVE_HR1=21930
DISPLAY_READY=YES
DISPLAY_RENDER_MODE=HMI_ON_DEMAND_DIRTY
DISPLAY_REFRESH_MODE=USER_REFRESH_ON_DEMAND
DISPLAY_SERVICE_GAP_MAX_MS=104

============================================================================
 P5-B AUTOMATED SUMMARY
============================================================================
TCP_FULL_RUNTIME_PASS=YES
MASTER_RUNTIME_PASS=YES
RTU_MASTER_PASS=YES
RTU_SLAVE_PASS=YES
RTU_CROSS_COUNT_PASS=YES
RTU_SNAPSHOT_TAIL_TOLERANCE=0
RTU_FINAL_SNAPSHOT_MODE=QUIESCED
RTU_SLAVE_RX_MASTER_SUCCESS_DELTA=0
RTU_SLAVE_TX_MASTER_SUCCESS_DELTA=0
RTU_SLAVE_OK_MASTER_SUCCESS_DELTA=0
RTU_TIMEOUT_MS=25
RTU_REQUESTS_STARTED=6001
RTU_REQUESTS_SUCCESS=6001
RTU_PERIODS_SKIPPED=0
RTU_PERIODS_SKIPPED_GATE=NO
RTU_ACHIEVED_HZ=50.004
MASTER_SNAPSHOT_FILE=C:\Users\jeykc\AppData\Local\Temp\jwplc_a14_p5b_20260930_181806\master_final.txt
SLAVE_SNAPSHOT_FILE=C:\Users\jeykc\AppData\Local\Temp\jwplc_a14_p5b_20260930_181806\slave_final.txt
A14_P5B_AUTOMATED=PASS
